Microchip MPLAB XC8 Compiler V1.41 ()

Linker command line:

-W-3 --edf=C:\Program Files (x86)\Microchip\xc8\v1.41\dat\en_msgs.txt -cs \
  -h+dist/default/production\Instrumentacao.X.production.sym \
  --cmf=dist/default/production\Instrumentacao.X.production.cmf -z \
  -Q16F877A -oC:\Users\AVELL1~1\AppData\Local\Temp\sdok.2 \
  -Mdist/default/production/Instrumentacao.X.production.map -E1 -ver=XC8 \
  -ASTACK=0110h-016fh -pstack=STACK -ACODE=00h-07FFhx4 -ASTRCODE=00h-01FFFh \
  -ASTRING=00h-0FFhx32 -ACONST=00h-0FFhx32 -AENTRY=00h-0FFhx32 \
  -ACOMMON=070h-07Fh -ABANK0=020h-06Fh -ABANK1=0A0h-0EFh \
  -ABANK2=0110h-016Fh -ABANK3=0190h-01EFh \
  -ARAM=020h-06Fh,0A0h-0EFh,0110h-016Fh,0190h-01EFh \
  -AABS1=020h-07Fh,0A0h-0EFh,0110h-016Fh,0190h-01EFh -ASFR0=00h-01Fh \
  -ASFR1=080h-09Fh -ASFR2=0100h-010Fh -ASFR3=0180h-018Fh \
  -preset_vec=00h,intentry=04h,init,end_init -ppowerup=CODE -pcinit=CODE \
  -pfunctab=CODE -ACONFIG=02007h-02007h -pconfig=CONFIG -DCONFIG=2 \
  -AIDLOC=02000h-02003h -pidloc=IDLOC -DIDLOC=2 -AEEDATA=00h-0FFh/02100h \
  -peeprom_data=EEDATA -DEEDATA=2 -DCODE=2 -DSTRCODE=2 -DSTRING=2 -DCONST=2 \
  -DENTRY=2 -k C:\Users\AVELL1~1\AppData\Local\Temp\sdok.obj \
  dist/default/production\Instrumentacao.X.production.obj 

Object code version is 3.11

Machine type is 16F877A



                Name                               Link     Load   Length Selector   Space Scale
C:\Users\AVELL1~1\AppData\Local\Temp\sdok.obj
                end_init                             12       12        3        8       0
                reset_vec                             0        0        3        0       0
                config                             2007     2007        1     400E       0
dist/default/production\Instrumentacao.X.production.obj
                cinit                                15       15        D        8       0
                intentry                              4        4        E        8       0
                text23                              AD2      AD2       18     15A4       0
                text22                              A82      A82        8     1504       0
                text21                              AEA      AEA       1C     15D4       0
                text20                              B06      B06       1D     160C       0
                text19                              BFF      BFF       6C     17FE       0
                text18                              ABE      ABE       14     157C       0
                text17                              F48      F48       B8     1E90       0
                text16                              A8A      A8A        8     1514       0
                text15                              5C2      5C2      109        8       0
                text14                              B23      B23       21     1646       0
                text13                              A9A      A9A       11     1534       0
                text12                              6CB      6CB       D3        8       0
                text11                              C6B      C6B       79     18D6       0
                text10                              BBD      BBD       42     177A       0
                text9                               79E      79E       5D        8       0
                text8                               CE4      CE4       8E     19C8       0
                text7                               B44      B44       3A     1688       0
                text6                               D72      D72       99     1AE4       0
                text5                               3DB      3DB      1E7        8       0
                text4                                22       22      3B9        8       0
                text3                               AAB      AAB       13     1556       0
                text2                               EA5      EA5       A3     1D4A       0
                text1                               E0B      E0B       9A     1C16       0
                maintext                            B7E      B7E       3F     16FC       0
                cstackBANK0                          20       20       4D       20       1
                cstackCOMMON                         70       70        E       70       1
                cstackBANK1                          A0       A0       1F       A0       1
                cstackBANK3                         190      190       16      190       1
                clrtext                             A92      A92        8     1524       0
                bssBANK1                             BF       BF       17       A0       1
                bssBANK0                             6D       6D        2       20       1
                strings                             800      800       88     1000       0

TOTAL           Name                               Link     Load   Length     Space
        CLASS   STACK          

        CLASS   CODE           
                end_init                             12       12        3         0
                cinit                                15       15        D         0
                intentry                              4        4        E         0
                reset_vec                             0        0        3         0
                text23                              AD2      AD2       18         0
                text22                              A82      A82        8         0
                text21                              AEA      AEA       1C         0
                text20                              B06      B06       1D         0
                text19                              BFF      BFF       6C         0
                text18                              ABE      ABE       14         0
                text17                              F48      F48       B8         0
                text16                              A8A      A8A        8         0
                text15                              5C2      5C2      109         0
                text14                              B23      B23       21         0
                text13                              A9A      A9A       11         0
                text12                              6CB      6CB       D3         0
                text11                              C6B      C6B       79         0
                text10                              BBD      BBD       42         0
                text9                               79E      79E       5D         0
                text8                               CE4      CE4       8E         0
                text7                               B44      B44       3A         0
                text6                               D72      D72       99         0
                text5                               3DB      3DB      1E7         0
                text4                                22       22      3B9         0
                text3                               AAB      AAB       13         0
                text2                               EA5      EA5       A3         0
                text1                               E0B      E0B       9A         0
                maintext                            B7E      B7E       3F         0
                clrtext                             A92      A92        8         0

        CLASS   STRCODE        

        CLASS   STRING         
                strings                             800      800       88         0

        CLASS   CONST          

        CLASS   ENTRY          

        CLASS   COMMON         
                cstackCOMMON                         70       70        E         1

        CLASS   BANK0          
                cstackBANK0                          20       20       4D         1
                bssBANK0                             6D       6D        2         1

        CLASS   BANK1          
                cstackBANK1                          A0       A0       1F         1
                bssBANK1                             BF       BF       17         1

        CLASS   BANK2          

        CLASS   BANK3          
                cstackBANK3                         190      190       16         1

        CLASS   RAM            

        CLASS   ABS1           
                abs_s1                               7E       7E        2         1

        CLASS   SFR0           

        CLASS   SFR1           

        CLASS   SFR2           

        CLASS   SFR3           

        CLASS   CONFIG         
                config                             2007     2007        1         0

        CLASS   IDLOC          

        CLASS   EEDATA         



SEGMENTS        Name                           Load    Length   Top    Selector   Space  Class     Delta

                reset_vec                      000000  000003  000003         0       0  CODE        2
                intentry                       000004  0007F7  0007FB         8       0  CODE        2
                cstackBANK0                    000020  00004F  00006F        20       1  BANK0       1
                cstackCOMMON                   000070  00000E  00007E        70       1  COMMON      1
                cstackBANK1                    0000A0  000036  0000D6        A0       1  BANK1       1
                cstackBANK3                    000190  000016  0001A6       190       1  BANK3       1
                strings                        000800  000088  000888      1000       0  STRING      2
                text22                         000A82  000008  000A8A      1504       0  CODE        2
                text16                         000A8A  000008  000A92      1514       0  CODE        2
                clrtext                        000A92  000008  000A9A      1524       0  CODE        2
                text13                         000A9A  000011  000AAB      1534       0  CODE        2
                text3                          000AAB  000013  000ABE      1556       0  CODE        2
                text18                         000ABE  000014  000AD2      157C       0  CODE        2
                text23                         000AD2  000018  000AEA      15A4       0  CODE        2
                text21                         000AEA  00001C  000B06      15D4       0  CODE        2
                text20                         000B06  00001D  000B23      160C       0  CODE        2
                text14                         000B23  000021  000B44      1646       0  CODE        2
                text7                          000B44  00003A  000B7E      1688       0  CODE        2
                maintext                       000B7E  00003F  000BBD      16FC       0  CODE        2
                text10                         000BBD  000042  000BFF      177A       0  CODE        2
                text19                         000BFF  00006C  000C6B      17FE       0  CODE        2
                text11                         000C6B  000079  000CE4      18D6       0  CODE        2
                text8                          000CE4  00008E  000D72      19C8       0  CODE        2
                text6                          000D72  000099  000E0B      1AE4       0  CODE        2
                text1                          000E0B  00009A  000EA5      1C16       0  CODE        2
                text2                          000EA5  0000A3  000F48      1D4A       0  CODE        2
                text17                         000F48  0000B8  001000      1E90       0  CODE        2
                config                         002007  000001  002008      400E       0  CONFIG      2


UNUSED ADDRESS RANGES

        Name                Unused          Largest block    Delta
        BANK0            006F-006F              1           1
        BANK1            00D6-00EF             1A           1
        BANK2            0110-016F             60           1
        BANK3            01A6-01EF             4A           1
        CODE             0003-0003              1           2
                         07FB-07FF              5
                         0888-0A81            1FA
                         1000-1FFF            800
        CONST            0003-0003              1           2
                         07FB-07FF              5
                         0888-0A81            100
                         1000-1FFF            100
        EEDATA           2100-21FF            100           2
        ENTRY            0003-0003              1           2
                         07FB-07FF              5
                         0888-0A81            100
                         1000-1FFF            100
        IDLOC            2000-2003              4           2
        RAM              006F-006F              1           1
                         00D6-00EF             1A
                         0110-016F             60
                         01A6-01EF             4A
        SFR0             0000-001F             20           1
        SFR1             0080-009F             20           1
        SFR2             0100-010F             10           1
        SFR3             0180-018F             10           1
        STACK            0110-016F             60           1
        STRCODE          0003-0003              1           2
                         07FB-07FF              5
                         0888-0A81            1FA
                         1000-1FFF           1000
        STRING           0003-0003              1           2
                         07FB-07FF              5
                         0888-0A81            100
                         1000-1FFF            100

                                  Symbol Table

?___aldiv                   cstackBANK3  0190
?___altoft                  cstackBANK0  004E
?___ftadd                   cstackBANK0  0040
?___ftdiv                   cstackBANK0  0030
?___ftmul                   cstackBANK0  0020
?___ftneg                   cstackCOMMON 0070
?___ftpack                  cstackCOMMON 0070
?___ftsub                   cstackBANK0  005D
?___fttol                   cstackBANK0  0040
?___lwtoft                  cstackCOMMON 0078
?_eval_poly                 cstackBANK0  004D
?_floor                     cstackBANK0  0054
?_sin                       cstackBANK0  0063
ADC_Read@channel            cstackCOMMON 0070
ISR@amostra                 cstackBANK1  00B3
ISR@high                    cstackBANK1  00B7
ISR@inteiro                 cstackBANK1  00B8
ISR@low                     cstackBANK1  00B6
USART_Init@BR               cstackBANK3  01A4
USART_Init@BaudRate         cstackBANK3  019E
USART_Init@Mode             cstackBANK3  01A2
USART_ReceiveChar@USARTData cstackCOMMON 0074
USART_WriteChar@USARTData   cstackCOMMON 0070
USART_WriteString@str       cstackCOMMON 0072
_ADCON0bits                 (abs)        001F
_ADCON1bits                 (abs)        009F
_ADC_Init                   text3        0AAB
_ADC_Read                   text23       0AD2
_ADRESH                     (abs)        001E
_ADRESL                     (abs)        009E
_INTCONbits                 (abs)        000B
_ISR                        text4        0022
_ISR$886                    cstackBANK1  00AA
_ISR$887                    cstackBANK1  00AD
_ISR$888                    cstackBANK1  00B0
_OERR                       (abs)        00C1
_PIE1bits                   (abs)        008C
_PIR1bits                   (abs)        000C
_PORTA                      (abs)        0005
_PORTB                      (abs)        0006
_PORTC                      (abs)        0007
_PORTD                      (abs)        0008
_PORTE                      (abs)        0009
_RB4                        (abs)        0034
_RCREG                      (abs)        001A
_RCSTAbits                  (abs)        0018
_SPBRG                      (abs)        0099
_T1CONbits                  (abs)        0010
_TMR1                       (abs)        000E
_TRISA                      (abs)        0085
_TRISB                      (abs)        0086
_TRISC                      (abs)        0087
_TRISD                      (abs)        0088
_TRISE                      (abs)        0089
_TXREG                      (abs)        0019
_TXSTAbits                  (abs)        0098
_USART_Init                 text1        0E0B
_USART_ReceiveChar          text20       0B06
_USART_WriteChar            text22       0A82
_USART_WriteString          text21       0AEA
__CFG_BOREN$OFF             (abs)        0000
__CFG_CP$OFF                (abs)        0000
__CFG_CPD$OFF               (abs)        0000
__CFG_FOSC$HS               (abs)        0000
__CFG_LVP$OFF               (abs)        0000
__CFG_PWRTE$ON              (abs)        0000
__CFG_WDTE$OFF              (abs)        0000
__Habs1                     abs1         0000
__Hbank0                    bank0        0000
__Hbank1                    bank1        0000
__Hbank2                    bank2        0000
__Hbank3                    bank3        0000
__HbssBANK0                 bssBANK0     0000
__HbssBANK1                 bssBANK1     0000
__Hcinit                    cinit        0022
__Hclrtext                  clrtext      0000
__Hcode                     code         0000
__Hcommon                   common       0000
__Hconfig                   config       2008
__HcstackBANK0              cstackBANK0  0000
__HcstackBANK1              cstackBANK1  0000
__HcstackBANK3              cstackBANK3  0000
__HcstackCOMMON             cstackCOMMON 0000
__Heeprom_data              eeprom_data  0000
__Hend_init                 end_init     0015
__Hfunctab                  functab      0000
__Hidloc                    idloc        0000
__Hinit                     init         0012
__Hintentry                 intentry     0012
__Hmaintext                 maintext     0000
__Hpowerup                  powerup      0000
__Hram                      ram          0000
__Hreset_vec                reset_vec    0003
__Hsfr0                     sfr0         0000
__Hsfr1                     sfr1         0000
__Hsfr2                     sfr2         0000
__Hsfr3                     sfr3         0000
__Hspace_0                  (abs)        2008
__Hspace_1                  (abs)        01A6
__Hspace_2                  (abs)        0000
__Hspace_3                  (abs)        0000
__Hstack                    stack        0000
__Hstrings                  strings      0000
__Htext                     text         0000
__Labs1                     abs1         0000
__Lbank0                    bank0        0000
__Lbank1                    bank1        0000
__Lbank2                    bank2        0000
__Lbank3                    bank3        0000
__LbssBANK0                 bssBANK0     0000
__LbssBANK1                 bssBANK1     0000
__Lcinit                    cinit        0015
__Lclrtext                  clrtext      0000
__Lcode                     code         0000
__Lcommon                   common       0000
__Lconfig                   config       2007
__LcstackBANK0              cstackBANK0  0000
__LcstackBANK1              cstackBANK1  0000
__LcstackBANK3              cstackBANK3  0000
__LcstackCOMMON             cstackCOMMON 0000
__Leeprom_data              eeprom_data  0000
__Lend_init                 end_init     0012
__Lfunctab                  functab      0000
__Lidloc                    idloc        0000
__Linit                     init         0012
__Lintentry                 intentry     0004
__Lmaintext                 maintext     0000
__Lpowerup                  powerup      0000
__Lram                      ram          0000
__Lreset_vec                reset_vec    0000
__Lsfr0                     sfr0         0000
__Lsfr1                     sfr1         0000
__Lsfr2                     sfr2         0000
__Lsfr3                     sfr3         0000
__Lspace_0                  (abs)        0000
__Lspace_1                  (abs)        0000
__Lspace_2                  (abs)        0000
__Lspace_3                  (abs)        0000
__Lstack                    stack        0000
__Lstrings                  strings      0000
__Ltext                     text         0000
__S0                        (abs)        2008
__S1                        (abs)        01A6
__S2                        (abs)        0000
__S3                        (abs)        0000
___aldiv                    text2        0EA5
___aldiv@counter            cstackBANK3  0198
___aldiv@dividend           cstackBANK3  0194
___aldiv@divisor            cstackBANK3  0190
___aldiv@quotient           cstackBANK3  019A
___aldiv@sign               cstackBANK3  0199
___altoft                   text10       0BBD
___altoft@c                 cstackBANK0  004E
___altoft@exp               cstackBANK0  0052
___altoft@sign              cstackBANK0  0053
___bmul                     text13       0A9A
___bmul@multiplicand        cstackCOMMON 0070
___bmul@multiplier          cstackCOMMON 0073
___bmul@product             cstackCOMMON 0072
___ftadd                    text15       05C2
___ftadd@exp1               cstackBANK0  004C
___ftadd@exp2               cstackBANK0  004B
___ftadd@f1                 cstackBANK0  0040
___ftadd@f2                 cstackBANK0  0043
___ftadd@sign               cstackBANK0  004A
___ftdiv                    text17       0F48
___ftdiv@cntr               cstackBANK0  003A
___ftdiv@exp                cstackBANK0  003E
___ftdiv@f1                 cstackBANK0  0033
___ftdiv@f2                 cstackBANK0  0030
___ftdiv@f3                 cstackBANK0  003B
___ftdiv@sign               cstackBANK0  003F
___ftge                     text9        079E
___ftge@ff1                 cstackCOMMON 0070
___ftge@ff2                 cstackCOMMON 0073
___ftmul                    text12       06CB
___ftmul@cntr               cstackBANK0  002E
___ftmul@exp                cstackBANK0  002A
___ftmul@f1                 cstackBANK0  0020
___ftmul@f2                 cstackBANK0  0023
___ftmul@f3_as_product      cstackBANK0  002B
___ftmul@sign               cstackBANK0  002F
___ftneg                    text16       0A8A
___ftneg@f1                 cstackCOMMON 0070
___ftpack                   text19       0BFF
___ftpack@arg               cstackCOMMON 0070
___ftpack@exp               cstackCOMMON 0073
___ftpack@sign              cstackCOMMON 0074
___ftsub                    text14       0B23
___ftsub@f1                 cstackBANK0  0060
___ftsub@f2                 cstackBANK0  005D
___fttol                    text8        0CE4
___fttol@exp1               cstackBANK0  004D
___fttol@f1                 cstackBANK0  0040
___fttol@lval               cstackBANK0  0049
___fttol@sign1              cstackBANK0  0048
___int_sp                   stack        0000
___latbits                  (abs)        0002
___lwtoft                   text18       0ABE
___lwtoft@c                 cstackCOMMON 0078
___sp                       stack        0000
__end_of_ADC_Init           text3        0ABE
__end_of_ADC_Read           text23       0AEA
__end_of_ISR                text4        03DB
__end_of_USART_Init         text1        0EA5
__end_of_USART_ReceiveChar  text20       0B23
__end_of_USART_WriteChar    text22       0A8A
__end_of_USART_WriteString  text21       0B06
__end_of___aldiv            text2        0F48
__end_of___altoft           text10       0BFF
__end_of___bmul             text13       0AAB
__end_of___ftadd            text15       06CB
__end_of___ftdiv            text17       1000
__end_of___ftge             text9        07FB
__end_of___ftmul            text12       079E
__end_of___ftneg            text16       0A92
__end_of___ftpack           text19       0C6B
__end_of___ftsub            text14       0B44
__end_of___fttol            text8        0D72
__end_of___lwtoft           text18       0AD2
__end_of__initialization    cinit        001E
__end_of__stringtab         strings      0806
__end_of_eval_poly          text11       0CE4
__end_of_floor              text6        0E0B
__end_of_frexp              text7        0B7E
__end_of_main               maintext     0BBD
__end_of_sin                text5        05C2
__end_ofsin@coeff_a         strings      0815
__end_ofsin@coeff_b         strings      0821
__initialization            cinit        0015
__pbssBANK0                 bssBANK0     006D
__pbssBANK1                 bssBANK1     00BF
__pcstackBANK0              cstackBANK0  0020
__pcstackBANK1              cstackBANK1  00A0
__pcstackBANK3              cstackBANK3  0190
__pcstackCOMMON             cstackCOMMON 0070
__pintentry                 intentry     0004
__pmaintext                 maintext     0B7E
__pstrings                  strings      0800
__ptext1                    text1        0E0B
__ptext10                   text10       0BBD
__ptext11                   text11       0C6B
__ptext12                   text12       06CB
__ptext13                   text13       0A9A
__ptext14                   text14       0B23
__ptext15                   text15       05C2
__ptext16                   text16       0A8A
__ptext17                   text17       0F48
__ptext18                   text18       0ABE
__ptext19                   text19       0BFF
__ptext2                    text2        0EA5
__ptext20                   text20       0B06
__ptext21                   text21       0AEA
__ptext22                   text22       0A82
__ptext23                   text23       0AD2
__ptext3                    text3        0AAB
__ptext4                    text4        0022
__ptext5                    text5        03DB
__ptext6                    text6        0D72
__ptext7                    text7        0B44
__ptext8                    text8        0CE4
__ptext9                    text9        079E
__size_of_ADC_Init          (abs)        0000
__size_of_ADC_Read          (abs)        0000
__size_of_ISR               (abs)        0000
__size_of_USART_Init        (abs)        0000
__size_of_USART_ReceiveChar (abs)        0000
__size_of_USART_WriteChar   (abs)        0000
__size_of_USART_WriteString (abs)        0000
__size_of___aldiv           (abs)        0000
__size_of___altoft          (abs)        0000
__size_of___bmul            (abs)        0000
__size_of___ftadd           (abs)        0000
__size_of___ftdiv           (abs)        0000
__size_of___ftge            (abs)        0000
__size_of___ftmul           (abs)        0000
__size_of___ftneg           (abs)        0000
__size_of___ftpack          (abs)        0000
__size_of___ftsub           (abs)        0000
__size_of___fttol           (abs)        0000
__size_of___lwtoft          (abs)        0000
__size_of_eval_poly         (abs)        0000
__size_of_floor             (abs)        0000
__size_of_frexp             (abs)        0000
__size_of_main              (abs)        0000
__size_of_sin               (abs)        0000
__stringbase                strings      0805
__stringtab                 strings      0800
_a                          bssBANK1     00CF
_contagens                  bssBANK1     00C9
_eval_poly                  text11       0C6B
_floor                      text6        0D72
_freq                       bssBANK1     00D2
_frexp                      text7        0B44
_fs                         bssBANK1     00D4
_main                       maintext     0B7E
_simulacao                  bssBANK1     00D1
_sin                        text5        03DB
_sin$889                    cstackBANK1  00A3
_tempo                      bssBANK1     00C4
btemp                       (abs)        007E
clear_ram0                  clrtext      0A92
end_of_initialization       cinit        001E
eval_poly@d                 cstackBANK0  0050
eval_poly@n                 cstackBANK0  0051
eval_poly@res               cstackBANK0  0053
eval_poly@x                 cstackBANK0  004D
floor@expon                 cstackBANK0  005B
floor@i                     cstackBANK0  0058
floor@x                     cstackBANK0  0054
frexp@eptr                  cstackCOMMON 0073
frexp@value                 cstackCOMMON 0070
interrupt_function          intentry     0004
intlevel0                   functab      0000
intlevel1                   functab      0000
intlevel2                   functab      0000
intlevel3                   functab      0000
intlevel4                   functab      0000
intlevel5                   functab      0000
reset_vec                   reset_vec    0000
saved_w                     (abs)        007E
sin@coeff_a                 strings      0806
sin@coeff_b                 strings      0815
sin@f                       cstackBANK0  0063
sin@sgn                     cstackBANK1  00A9
sin@x2                      cstackBANK1  00A6
sin@y                       cstackBANK1  00A0
stackhi                     (abs)        0000
stacklo                     (abs)        0000
start                       init         0012
start_initialization        cinit        0015
wtemp0                      (abs)        007E


FUNCTION INFORMATION:

 *************** function _main *****************
 Defined at:
		line 365 in file "main.c"
 Parameters:    Size  Location     Type
		None
 Auto vars:     Size  Location     Type
		None
 Return value:  Size  Location     Type
                  1    wreg      void 
 Registers used:
		wreg, status,2, status,0, pclath, cstack
 Tracked objects:
		On entry : 
		On exit  : 
		Unchanged: 
 Data sizes:     COMMON   BANK0   BANK1   BANK3   BANK2
      Params:         0       0       0       0       0
      Locals:         0       0       0       0       0
      Temps:          0       0       0       0       0
      Totals:         0       0       0       0       0
Total ram usage:        0 bytes
 Hardware stack levels required when called:    7
 This function calls:
		_ADC_Init
		_USART_Init
 This function is called by:
		Startup code after reset
 This function uses a non-reentrant model


 *************** function _USART_Init *****************
 Defined at:
		line 30 in file "main.c"
 Parameters:    Size  Location     Type
  BaudRate        4   14[BANK3 ] long 
  Mode            2   18[BANK3 ] int 
 Auto vars:     Size  Location     Type
  BR              2   20[BANK3 ] int 
 Return value:  Size  Location     Type
                  1    wreg      void 
 Registers used:
		wreg, status,2, status,0, pclath, cstack
 Tracked objects:
		On entry : 
		On exit  : 
		Unchanged: 
 Data sizes:     COMMON   BANK0   BANK1   BANK3   BANK2
      Params:         0       0       0       6       0
      Locals:         0       0       0       2       0
      Temps:          0       0       4       0       0
      Totals:         0       0       4       8       0
Total ram usage:       12 bytes
 Hardware stack levels used:    1
 Hardware stack levels required when called:    6
 This function calls:
		___aldiv
 This function is called by:
		_main
 This function uses a non-reentrant model


 *************** function ___aldiv *****************
 Defined at:
		line 6 in file "C:\Program Files (x86)\Microchip\xc8\v1.41\sources\common\aldiv.c"
 Parameters:    Size  Location     Type
  divisor         4    0[BANK3 ] long 
  dividend        4    4[BANK3 ] long 
 Auto vars:     Size  Location     Type
  quotient        4   10[BANK3 ] long 
  sign            1    9[BANK3 ] unsigned char 
  counter         1    8[BANK3 ] unsigned char 
 Return value:  Size  Location     Type
                  4    0[BANK3 ] long 
 Registers used:
		wreg, status,2, status,0
 Tracked objects:
		On entry : 
		On exit  : 
		Unchanged: 
 Data sizes:     COMMON   BANK0   BANK1   BANK3   BANK2
      Params:         0       0       0       8       0
      Locals:         0       0       0       6       0
      Temps:          0       0       1       0       0
      Totals:         0       0       1      14       0
Total ram usage:       15 bytes
 Hardware stack levels used:    1
 Hardware stack levels required when called:    5
 This function calls:
		Nothing
 This function is called by:
		_USART_Init
 This function uses a non-reentrant model


 *************** function _ADC_Init *****************
 Defined at:
		line 107 in file "main.c"
 Parameters:    Size  Location     Type
		None
 Auto vars:     Size  Location     Type
		None
 Return value:  Size  Location     Type
                  1    wreg      void 
 Registers used:
		None
 Tracked objects:
		On entry : 
		On exit  : 
		Unchanged: 
 Data sizes:     COMMON   BANK0   BANK1   BANK3   BANK2
      Params:         0       0       0       0       0
      Locals:         0       0       0       0       0
      Temps:          0       0       0       0       0
      Totals:         0       0       0       0       0
Total ram usage:        0 bytes
 Hardware stack levels used:    1
 Hardware stack levels required when called:    5
 This function calls:
		Nothing
 This function is called by:
		_main
 This function uses a non-reentrant model


 *************** function _ISR *****************
 Defined at:
		line 139 in file "main.c"
 Parameters:    Size  Location     Type
		None
 Auto vars:     Size  Location     Type
  amostra         3   19[BANK1 ] void 
  inteiro         2   24[BANK1 ] unsigned int 
  high            1   23[BANK1 ] unsigned char 
  low             1   22[BANK1 ] unsigned char 
 Return value:  Size  Location     Type
                  1    wreg      void 
 Registers used:
		wreg, fsr0l, fsr0h, status,2, status,0, btemp+1, pclath, cstack
 Tracked objects:
		On entry : 
		On exit  : 
		Unchanged: 
 Data sizes:     COMMON   BANK0   BANK1   BANK3   BANK2
      Params:         0       0       0       0       0
      Locals:         0       0      16       0       0
      Temps:          0       6       0       0       0
      Totals:         0       6      16       0       0
Total ram usage:       22 bytes
 Hardware stack levels used:    1
 Hardware stack levels required when called:    4
 This function calls:
		_ADC_Read
		_USART_ReceiveChar
		_USART_WriteChar
		_USART_WriteString
		___ftadd
		___ftdiv
		___ftmul
		___fttol
		___lwtoft
		_sin
 This function is called by:
		Interrupt level 1
 This function uses a non-reentrant model


 *************** function _sin *****************
 Defined at:
		line 13 in file "C:\Program Files (x86)\Microchip\xc8\v1.41\sources\common\sin.c"
 Parameters:    Size  Location     Type
  f               3   67[BANK0 ] void 
 Auto vars:     Size  Location     Type
  x2              3    6[BANK1 ] void 
  y               3    0[BANK1 ] void 
  sgn             1    9[BANK1 ] unsigned char 
 Return value:  Size  Location     Type
                  3   67[BANK0 ] unsigned char 
 Registers used:
		wreg, fsr0l, fsr0h, status,2, status,0, btemp+1, pclath, cstack
 Tracked objects:
		On entry : 
		On exit  : 
		Unchanged: 
 Data sizes:     COMMON   BANK0   BANK1   BANK3   BANK2
      Params:         0       3       0       0       0
      Locals:         0       0      10       0       0
      Temps:          0       1       0       0       0
      Totals:         0       4      10       0       0
Total ram usage:       14 bytes
 Hardware stack levels used:    1
 Hardware stack levels required when called:    3
 This function calls:
		___ftadd
		___ftdiv
		___ftge
		___ftmul
		___ftneg
		___ftsub
		_eval_poly
		_floor
 This function is called by:
		_ISR
 This function uses a non-reentrant model


 *************** function _floor *****************
 Defined at:
		line 13 in file "C:\Program Files (x86)\Microchip\xc8\v1.41\sources\common\floor.c"
 Parameters:    Size  Location     Type
  x               3   52[BANK0 ] unsigned char 
 Auto vars:     Size  Location     Type
  i               3   56[BANK0 ] unsigned char 
  expon           2   59[BANK0 ] int 
 Return value:  Size  Location     Type
                  3   52[BANK0 ] int 
 Registers used:
		wreg, fsr0l, fsr0h, status,2, status,0, btemp+1, pclath, cstack
 Tracked objects:
		On entry : 
		On exit  : 
		Unchanged: 
 Data sizes:     COMMON   BANK0   BANK1   BANK3   BANK2
      Params:         0       3       0       0       0
      Locals:         0       5       0       0       0
      Temps:          0       1       0       0       0
      Totals:         0       9       0       0       0
Total ram usage:        9 bytes
 Hardware stack levels used:    1
 Hardware stack levels required when called:    2
 This function calls:
		___altoft
		___ftadd
		___ftge
		___fttol
		_frexp
 This function is called by:
		_sin
 This function uses a non-reentrant model


 *************** function _frexp *****************
 Defined at:
		line 254 in file "C:\Program Files (x86)\Microchip\xc8\v1.41\sources\common\frexp.c"
 Parameters:    Size  Location     Type
  value           3    0[COMMON] int 
  eptr            1    3[COMMON] PTR int 
		 -> floor@expon(2), 
 Auto vars:     Size  Location     Type
		None
 Return value:  Size  Location     Type
                  3    0[COMMON] PTR int 
 Registers used:
		wreg, fsr0l, fsr0h, status,2, status,0, btemp+1
 Tracked objects:
		On entry : 
		On exit  : 
		Unchanged: 
 Data sizes:     COMMON   BANK0   BANK1   BANK3   BANK2
      Params:         4       0       0       0       0
      Locals:         0       0       0       0       0
      Temps:          2       0       0       0       0
      Totals:         6       0       0       0       0
Total ram usage:        6 bytes
 Hardware stack levels used:    1
 This function calls:
		Nothing
 This function is called by:
		_floor
 This function uses a non-reentrant model


 *************** function ___fttol *****************
 Defined at:
		line 44 in file "C:\Program Files (x86)\Microchip\xc8\v1.41\sources\common\fttol.c"
 Parameters:    Size  Location     Type
  f1              3   32[BANK0 ] float 
 Auto vars:     Size  Location     Type
  lval            4   41[BANK0 ] unsigned long 
  exp1            1   45[BANK0 ] unsigned char 
  sign1           1   40[BANK0 ] unsigned char 
 Return value:  Size  Location     Type
                  4   32[BANK0 ] long 
 Registers used:
		wreg, status,2, status,0
 Tracked objects:
		On entry : 
		On exit  : 
		Unchanged: 
 Data sizes:     COMMON   BANK0   BANK1   BANK3   BANK2
      Params:         0       4       0       0       0
      Locals:         0       6       0       0       0
      Temps:          0       4       0       0       0
      Totals:         0      14       0       0       0
Total ram usage:       14 bytes
 Hardware stack levels used:    1
 This function calls:
		Nothing
 This function is called by:
		_ISR
		_floor
 This function uses a non-reentrant model


 *************** function ___ftge *****************
 Defined at:
		line 4 in file "C:\Program Files (x86)\Microchip\xc8\v1.41\sources\common\ftge.c"
 Parameters:    Size  Location     Type
  ff1             3    0[COMMON] float 
  ff2             3    3[COMMON] float 
 Auto vars:     Size  Location     Type
		None
 Return value:  Size  Location     Type
		None               void
 Registers used:
		wreg, status,2, status,0
 Tracked objects:
		On entry : 
		On exit  : 
		Unchanged: 
 Data sizes:     COMMON   BANK0   BANK1   BANK3   BANK2
      Params:         6       0       0       0       0
      Locals:         0       0       0       0       0
      Temps:          6       0       0       0       0
      Totals:        12       0       0       0       0
Total ram usage:       12 bytes
 Hardware stack levels used:    1
 This function calls:
		Nothing
 This function is called by:
		_sin
		_floor
 This function uses a non-reentrant model


 *************** function ___altoft *****************
 Defined at:
		line 42 in file "C:\Program Files (x86)\Microchip\xc8\v1.41\sources\common\altoft.c"
 Parameters:    Size  Location     Type
  c               4   46[BANK0 ] long 
 Auto vars:     Size  Location     Type
  sign            1   51[BANK0 ] unsigned char 
  exp             1   50[BANK0 ] unsigned char 
 Return value:  Size  Location     Type
                  3   46[BANK0 ] float 
 Registers used:
		wreg, status,2, status,0, pclath, cstack
 Tracked objects:
		On entry : 
		On exit  : 
		Unchanged: 
 Data sizes:     COMMON   BANK0   BANK1   BANK3   BANK2
      Params:         0       4       0       0       0
      Locals:         0       2       0       0       0
      Temps:          2       0       0       0       0
      Totals:         2       6       0       0       0
Total ram usage:        8 bytes
 Hardware stack levels used:    1
 Hardware stack levels required when called:    1
 This function calls:
		___ftpack
 This function is called by:
		_floor
 This function uses a non-reentrant model


 *************** function _eval_poly *****************
 Defined at:
		line 4 in file "C:\Program Files (x86)\Microchip\xc8\v1.41\sources\common\evalpoly.c"
 Parameters:    Size  Location     Type
  x               3   45[BANK0 ] float 
  d               1   48[BANK0 ] PTR const 
		 -> sin@coeff_a(15), sin@coeff_b(12), 
  n               2   49[BANK0 ] int 
 Auto vars:     Size  Location     Type
  res             3   51[BANK0 ] int 
 Return value:  Size  Location     Type
                  3   45[BANK0 ] int 
 Registers used:
		wreg, fsr0l, fsr0h, status,2, status,0, pclath, cstack
 Tracked objects:
		On entry : 
		On exit  : 
		Unchanged: 
 Data sizes:     COMMON   BANK0   BANK1   BANK3   BANK2
      Params:         0       6       0       0       0
      Locals:         0       3       0       0       0
      Temps:          1       0       0       0       0
      Totals:         1       9       0       0       0
Total ram usage:       10 bytes
 Hardware stack levels used:    1
 Hardware stack levels required when called:    2
 This function calls:
		___bmul
		___ftadd
		___ftmul
 This function is called by:
		_sin
 This function uses a non-reentrant model


 *************** function ___ftmul *****************
 Defined at:
		line 62 in file "C:\Program Files (x86)\Microchip\xc8\v1.41\sources\common\ftmul.c"
 Parameters:    Size  Location     Type
  f1              3    0[BANK0 ] float 
  f2              3    3[BANK0 ] float 
 Auto vars:     Size  Location     Type
  f3_as_produc    3   11[BANK0 ] unsigned um
  sign            1   15[BANK0 ] unsigned char 
  cntr            1   14[BANK0 ] unsigned char 
  exp             1   10[BANK0 ] unsigned char 
 Return value:  Size  Location     Type
                  3    0[BANK0 ] float 
 Registers used:
		wreg, status,2, status,0, pclath, cstack
 Tracked objects:
		On entry : 
		On exit  : 
		Unchanged: 
 Data sizes:     COMMON   BANK0   BANK1   BANK3   BANK2
      Params:         0       6       0       0       0
      Locals:         0       6       0       0       0
      Temps:          0       4       0       0       0
      Totals:         0      16       0       0       0
Total ram usage:       16 bytes
 Hardware stack levels used:    1
 Hardware stack levels required when called:    1
 This function calls:
		___ftpack
 This function is called by:
		_ISR
		_sin
		_eval_poly
 This function uses a non-reentrant model


 *************** function ___bmul *****************
 Defined at:
		line 4 in file "C:\Program Files (x86)\Microchip\xc8\v1.41\sources\common\Umul8.c"
 Parameters:    Size  Location     Type
  multiplier      1    wreg     unsigned char 
  multiplicand    1    0[COMMON] unsigned char 
 Auto vars:     Size  Location     Type
  multiplier      1    3[COMMON] unsigned char 
  product         1    2[COMMON] unsigned char 
 Return value:  Size  Location     Type
                  1    wreg      unsigned char 
 Registers used:
		wreg, status,2, status,0
 Tracked objects:
		On entry : 
		On exit  : 
		Unchanged: 
 Data sizes:     COMMON   BANK0   BANK1   BANK3   BANK2
      Params:         1       0       0       0       0
      Locals:         2       0       0       0       0
      Temps:          1       0       0       0       0
      Totals:         4       0       0       0       0
Total ram usage:        4 bytes
 Hardware stack levels used:    1
 This function calls:
		Nothing
 This function is called by:
		_eval_poly
 This function uses a non-reentrant model


 *************** function ___ftsub *****************
 Defined at:
		line 18 in file "C:\Program Files (x86)\Microchip\xc8\v1.41\sources\common\ftsub.c"
 Parameters:    Size  Location     Type
  f2              3   61[BANK0 ] float 
  f1              3   64[BANK0 ] float 
 Auto vars:     Size  Location     Type
		None
 Return value:  Size  Location     Type
                  3   61[BANK0 ] float 
 Registers used:
		wreg, status,2, status,0, pclath, cstack
 Tracked objects:
		On entry : 
		On exit  : 
		Unchanged: 
 Data sizes:     COMMON   BANK0   BANK1   BANK3   BANK2
      Params:         0       6       0       0       0
      Locals:         0       0       0       0       0
      Temps:          0       0       0       0       0
      Totals:         0       6       0       0       0
Total ram usage:        6 bytes
 Hardware stack levels used:    1
 Hardware stack levels required when called:    2
 This function calls:
		___ftadd
 This function is called by:
		_sin
 This function uses a non-reentrant model


 *************** function ___ftadd *****************
 Defined at:
		line 86 in file "C:\Program Files (x86)\Microchip\xc8\v1.41\sources\common\ftadd.c"
 Parameters:    Size  Location     Type
  f1              3   32[BANK0 ] float 
  f2              3   35[BANK0 ] float 
 Auto vars:     Size  Location     Type
  exp1            1   44[BANK0 ] unsigned char 
  exp2            1   43[BANK0 ] unsigned char 
  sign            1   42[BANK0 ] unsigned char 
 Return value:  Size  Location     Type
                  3   32[BANK0 ] float 
 Registers used:
		wreg, status,2, status,0, pclath, cstack
 Tracked objects:
		On entry : 
		On exit  : 
		Unchanged: 
 Data sizes:     COMMON   BANK0   BANK1   BANK3   BANK2
      Params:         0       6       0       0       0
      Locals:         0       3       0       0       0
      Temps:          0       4       0       0       0
      Totals:         0      13       0       0       0
Total ram usage:       13 bytes
 Hardware stack levels used:    1
 Hardware stack levels required when called:    1
 This function calls:
		___ftpack
 This function is called by:
		_ISR
		___ftsub
		_sin
		_eval_poly
		_floor
 This function uses a non-reentrant model


 *************** function ___ftneg *****************
 Defined at:
		line 15 in file "C:\Program Files (x86)\Microchip\xc8\v1.41\sources\common\ftneg.c"
 Parameters:    Size  Location     Type
  f1              3    0[COMMON] float 
 Auto vars:     Size  Location     Type
		None
 Return value:  Size  Location     Type
                  3    0[COMMON] float 
 Registers used:
		wreg
 Tracked objects:
		On entry : 
		On exit  : 
		Unchanged: 
 Data sizes:     COMMON   BANK0   BANK1   BANK3   BANK2
      Params:         3       0       0       0       0
      Locals:         0       0       0       0       0
      Temps:          0       0       0       0       0
      Totals:         3       0       0       0       0
Total ram usage:        3 bytes
 Hardware stack levels used:    1
 This function calls:
		Nothing
 This function is called by:
		_sin
 This function uses a non-reentrant model


 *************** function ___ftdiv *****************
 Defined at:
		line 56 in file "C:\Program Files (x86)\Microchip\xc8\v1.41\sources\common\ftdiv.c"
 Parameters:    Size  Location     Type
  f2              3   16[BANK0 ] float 
  f1              3   19[BANK0 ] float 
 Auto vars:     Size  Location     Type
  f3              3   27[BANK0 ] float 
  sign            1   31[BANK0 ] unsigned char 
  exp             1   30[BANK0 ] unsigned char 
  cntr            1   26[BANK0 ] unsigned char 
 Return value:  Size  Location     Type
                  3   16[BANK0 ] float 
 Registers used:
		wreg, status,2, status,0, pclath, cstack
 Tracked objects:
		On entry : 
		On exit  : 
		Unchanged: 
 Data sizes:     COMMON   BANK0   BANK1   BANK3   BANK2
      Params:         0       6       0       0       0
      Locals:         0       6       0       0       0
      Temps:          0       4       0       0       0
      Totals:         0      16       0       0       0
Total ram usage:       16 bytes
 Hardware stack levels used:    1
 Hardware stack levels required when called:    1
 This function calls:
		___ftpack
 This function is called by:
		_ISR
		_sin
 This function uses a non-reentrant model


 *************** function ___lwtoft *****************
 Defined at:
		line 28 in file "C:\Program Files (x86)\Microchip\xc8\v1.41\sources\common\lwtoft.c"
 Parameters:    Size  Location     Type
  c               2    8[COMMON] unsigned int 
 Auto vars:     Size  Location     Type
		None
 Return value:  Size  Location     Type
                  3    8[COMMON] float 
 Registers used:
		wreg, status,2, status,0, pclath, cstack
 Tracked objects:
		On entry : 
		On exit  : 
		Unchanged: 
 Data sizes:     COMMON   BANK0   BANK1   BANK3   BANK2
      Params:         3       0       0       0       0
      Locals:         0       0       0       0       0
      Temps:          1       0       0       0       0
      Totals:         4       0       0       0       0
Total ram usage:        4 bytes
 Hardware stack levels used:    1
 Hardware stack levels required when called:    1
 This function calls:
		___ftpack
 This function is called by:
		_ISR
 This function uses a non-reentrant model


 *************** function ___ftpack *****************
 Defined at:
		line 62 in file "C:\Program Files (x86)\Microchip\xc8\v1.41\sources\common\float.c"
 Parameters:    Size  Location     Type
  arg             3    0[COMMON] unsigned um
  exp             1    3[COMMON] unsigned char 
  sign            1    4[COMMON] unsigned char 
 Auto vars:     Size  Location     Type
		None
 Return value:  Size  Location     Type
                  3    0[COMMON] float 
 Registers used:
		wreg, status,2, status,0
 Tracked objects:
		On entry : 
		On exit  : 
		Unchanged: 
 Data sizes:     COMMON   BANK0   BANK1   BANK3   BANK2
      Params:         5       0       0       0       0
      Locals:         0       0       0       0       0
      Temps:          3       0       0       0       0
      Totals:         8       0       0       0       0
Total ram usage:        8 bytes
 Hardware stack levels used:    1
 This function calls:
		Nothing
 This function is called by:
		___altoft
		___ftadd
		___ftdiv
		___ftmul
		___lwtoft
 This function uses a non-reentrant model


 *************** function _USART_ReceiveChar *****************
 Defined at:
		line 85 in file "main.c"
 Parameters:    Size  Location     Type
		None
 Auto vars:     Size  Location     Type
  USARTData       1    4[COMMON] unsigned char 
 Return value:  Size  Location     Type
                  1    wreg      unsigned char 
 Registers used:
		wreg, fsr0l, fsr0h, status,2, status,0, pclath, cstack
 Tracked objects:
		On entry : 
		On exit  : 
		Unchanged: 
 Data sizes:     COMMON   BANK0   BANK1   BANK3   BANK2
      Params:         0       0       0       0       0
      Locals:         1       0       0       0       0
      Temps:          1       0       0       0       0
      Totals:         2       0       0       0       0
Total ram usage:        2 bytes
 Hardware stack levels used:    1
 Hardware stack levels required when called:    2
 This function calls:
		_USART_WriteString
 This function is called by:
		_ISR
 This function uses a non-reentrant model


 *************** function _USART_WriteString *****************
 Defined at:
		line 75 in file "main.c"
 Parameters:    Size  Location     Type
  str             1    wreg     PTR const unsigned char 
		 -> STR_8(10), STR_7(10), STR_6(9), STR_5(9), 
		 -> STR_4(9), STR_3(8), STR_2(8), STR_1(40), 
 Auto vars:     Size  Location     Type
  str             1    2[COMMON] PTR const unsigned char 
		 -> STR_8(10), STR_7(10), STR_6(9), STR_5(9), 
		 -> STR_4(9), STR_3(8), STR_2(8), STR_1(40), 
 Return value:  Size  Location     Type
                  1    wreg      void 
 Registers used:
		wreg, fsr0l, fsr0h, status,2, status,0, pclath, cstack
 Tracked objects:
		On entry : 
		On exit  : 
		Unchanged: 
 Data sizes:     COMMON   BANK0   BANK1   BANK3   BANK2
      Params:         0       0       0       0       0
      Locals:         1       0       0       0       0
      Temps:          1       0       0       0       0
      Totals:         2       0       0       0       0
Total ram usage:        2 bytes
 Hardware stack levels used:    1
 Hardware stack levels required when called:    1
 This function calls:
		_USART_WriteChar
 This function is called by:
		_USART_ReceiveChar
		_ISR
 This function uses a non-reentrant model


 *************** function _USART_WriteChar *****************
 Defined at:
		line 69 in file "main.c"
 Parameters:    Size  Location     Type
  USARTData       1    wreg     unsigned char 
 Auto vars:     Size  Location     Type
  USARTData       1    0[COMMON] unsigned char 
 Return value:  Size  Location     Type
                  1    wreg      void 
 Registers used:
		wreg
 Tracked objects:
		On entry : 
		On exit  : 
		Unchanged: 
 Data sizes:     COMMON   BANK0   BANK1   BANK3   BANK2
      Params:         0       0       0       0       0
      Locals:         1       0       0       0       0
      Temps:          0       0       0       0       0
      Totals:         1       0       0       0       0
Total ram usage:        1 bytes
 Hardware stack levels used:    1
 This function calls:
		Nothing
 This function is called by:
		_USART_WriteString
		_ISR
 This function uses a non-reentrant model


 *************** function _ADC_Read *****************
 Defined at:
		line 126 in file "main.c"
 Parameters:    Size  Location     Type
  channel         2    0[COMMON] unsigned short 
 Auto vars:     Size  Location     Type
		None
 Return value:  Size  Location     Type
                  1    wreg      void 
 Registers used:
		wreg, status,2, status,0
 Tracked objects:
		On entry : 
		On exit  : 
		Unchanged: 
 Data sizes:     COMMON   BANK0   BANK1   BANK3   BANK2
      Params:         2       0       0       0       0
      Locals:         0       0       0       0       0
      Temps:          1       0       0       0       0
      Totals:         3       0       0       0       0
Total ram usage:        3 bytes
 Hardware stack levels used:    1
 This function calls:
		Nothing
 This function is called by:
		_ISR
 This function uses a non-reentrant model



MODULE INFORMATION

Module		Function		Class		Link	Load	Size
C:\Program Files (x86)\Microchip\xc8\v1.41\sources\common\aldiv.c
		___aldiv       		CODE           	0EA5	0000	164

C:\Program Files (x86)\Microchip\xc8\v1.41\sources\common\aldiv.c estimated size: 164

C:\Program Files (x86)\Microchip\xc8\v1.41\sources\common\Umul8.c
		___bmul        		CODE           	0A9A	0000	18

C:\Program Files (x86)\Microchip\xc8\v1.41\sources\common\Umul8.c estimated size: 18

C:\Program Files (x86)\Microchip\xc8\v1.41\sources\common\fttol.c
		___fttol       		CODE           	0CE4	0000	143

C:\Program Files (x86)\Microchip\xc8\v1.41\sources\common\fttol.c estimated size: 143

C:\Program Files (x86)\Microchip\xc8\v1.41\sources\common\ftadd.c
		___ftadd       		CODE           	05C2	0000	266

C:\Program Files (x86)\Microchip\xc8\v1.41\sources\common\ftadd.c estimated size: 266

C:\Program Files (x86)\Microchip\xc8\v1.41\sources\common\evalpoly.c
		_eval_poly     		CODE           	0C6B	0000	122

C:\Program Files (x86)\Microchip\xc8\v1.41\sources\common\evalpoly.c estimated size: 122

C:\Program Files (x86)\Microchip\xc8\v1.41\sources\common\ftge.c
		___ftge        		CODE           	079E	0000	94

C:\Program Files (x86)\Microchip\xc8\v1.41\sources\common\ftge.c estimated size: 94

C:\Program Files (x86)\Microchip\xc8\v1.41\sources\common\ftneg.c
		___ftneg       		CODE           	0A8A	0000	9

C:\Program Files (x86)\Microchip\xc8\v1.41\sources\common\ftneg.c estimated size: 9

C:\Program Files (x86)\Microchip\xc8\v1.41\sources\common\ftsub.c
		___ftsub       		CODE           	0B23	0000	34

C:\Program Files (x86)\Microchip\xc8\v1.41\sources\common\ftsub.c estimated size: 34

C:\Program Files (x86)\Microchip\xc8\v1.41\sources\common\float.c
		___ftpack      		CODE           	0BFF	0000	109

C:\Program Files (x86)\Microchip\xc8\v1.41\sources\common\float.c estimated size: 109

shared
		__stringtab    		STRING         	0800	0000	7
		__initialization		CODE           	0015	0000	10
		sin@coeff_a    		STRING         	0806	0000	16
		sin@coeff_b    		STRING         	0815	0000	13

shared estimated size: 46

C:\Program Files (x86)\Microchip\xc8\v1.41\sources\common\sin.c
		_sin           		CODE           	03DB	0000	488

C:\Program Files (x86)\Microchip\xc8\v1.41\sources\common\sin.c estimated size: 488

C:\Program Files (x86)\Microchip\xc8\v1.41\sources\common\altoft.c
		___altoft      		CODE           	0BBD	0000	67

C:\Program Files (x86)\Microchip\xc8\v1.41\sources\common\altoft.c estimated size: 67

C:\Program Files (x86)\Microchip\xc8\v1.41\sources\common\frexp.c
		_frexp         		CODE           	0B44	0000	59

C:\Program Files (x86)\Microchip\xc8\v1.41\sources\common\frexp.c estimated size: 59

C:\Program Files (x86)\Microchip\xc8\v1.41\sources\common\floor.c
		_floor         		CODE           	0D72	0000	154

C:\Program Files (x86)\Microchip\xc8\v1.41\sources\common\floor.c estimated size: 154

C:\Program Files (x86)\Microchip\xc8\v1.41\sources\common\ftmul.c
		___ftmul       		CODE           	06CB	0000	212

C:\Program Files (x86)\Microchip\xc8\v1.41\sources\common\ftmul.c estimated size: 212

C:\Program Files (x86)\Microchip\xc8\v1.41\sources\common\lwtoft.c
		___lwtoft      		CODE           	0ABE	0000	21

C:\Program Files (x86)\Microchip\xc8\v1.41\sources\common\lwtoft.c estimated size: 21

main.c
		_USART_WriteChar		CODE           	0A82	0000	9
		_ISR           		CODE           	0022	0000	954
		_main          		CODE           	0B7E	0000	64
		_USART_ReceiveChar		CODE           	0B06	0000	30
		_ADC_Read      		CODE           	0AD2	0000	25
		_USART_WriteString		CODE           	0AEA	0000	29
		_ADC_Init      		CODE           	0AAB	0000	20
		_USART_Init    		CODE           	0E0B	0000	155

main.c estimated size: 1286

C:\Program Files (x86)\Microchip\xc8\v1.41\sources\common\ftdiv.c
		___ftdiv       		CODE           	0F48	0000	185

C:\Program Files (x86)\Microchip\xc8\v1.41\sources\common\ftdiv.c estimated size: 185

